// Jest Snapshot v1, https://goo.gl/fbAQLP

exports[`zos-workflows start workflow-key definition should not have changed 1`] = `
Object {
  "aliases": Array [
    "wf",
  ],
  "description": "Will run workflow from the beginning to the end or to the first manual step.",
  "examples": Array [
    Object {
      "description": "To start a workflow instance in z/OSMF with workflow key \\"d043b5f1-adab-48e7-b7c3-d41cd95fa4b0\\"",
      "options": "--workflow-key \\"d043b5f1-adab-48e7-b7c3-d41cd95fa4b0\\"",
    },
    Object {
      "description": "To start a workflow instance in z/OSMF with workflow key \\"d043b5f1-adab-48e7-b7c3-d41cd95fa4b0\\" and wait forit to be finished",
      "options": "--workflow-key \\"d043b5f1-adab-48e7-b7c3-d41cd95fa4b0\\" --wait",
    },
    Object {
      "description": "To start a workflow instance in z/OSMF with workflow key \\"d043b5f1-adab-48e7-b7c3-d41cd95fa4b0\\"and if there is a conflict in variable's value use the value that is in output file",
      "options": "--workflow-key \\"d043b5f1-adab-48e7-b7c3-d41cd95fa4b0\\" --resolve-conflict-by \\"outputFileValue\\"",
    },
  ],
  "name": "workflow-full",
  "options": Array [
    Object {
      "aliases": Array [
        "wk",
      ],
      "description": "Workflow key of workflow instance to be started",
      "name": "workflow-key",
      "required": true,
      "type": "string",
    },
    Object {
      "aliases": Array [
        "rcb",
      ],
      "allowableValues": Object {
        "caseSensitive": true,
        "values": Array [
          "outputFileValue",
          "existingValue",
          "leaveConflict",
        ],
      },
      "defaultValue": "outputFileValue",
      "description": "How variable conflicts should be handled.
 Options:
 outputFileValue: Allow the output file values to override the existing values.
existingValue: Use the existing variables values instead of the output file values.
leaveConflict: Automation is stopped. The user must resolve the conflict manually.",
      "name": "resolve-conflict-by",
      "required": false,
      "type": "string",
    },
    Object {
      "aliases": Array [
        "w",
      ],
      "description": "Identifies whether to wait for workflow instance to finish.",
      "name": "wait",
      "required": false,
      "type": "boolean",
    },
  ],
  "profile": Object {
    "optional": Array [
      "zosmf",
    ],
  },
  "type": "command",
}
`;
