// Jest Snapshot v1, https://goo.gl/fbAQLP

exports[`Errors caused by the user interaction 404 Not Found: archive_404_snap 1`] = `
[Error: z/OSMF REST API Error:
Rest API failure with HTTP(S) status 404
messageText: IZUWF5001W: The workflow key "0123-456789-abc-def" was not found.
messageID:   IZUWF5001W

]
`;
