// Jest Snapshot v1, https://goo.gl/fbAQLP

exports[`zos-workflows delete definition should not have changed 1`] = `
Object {
  "aliases": Array [
    "del",
  ],
  "description": "Delete a z/OSMF workflow from a z/OS system.",
  "name": "delete",
  "type": "group",
}
`;
